Restarting exited containers...
8171cf557d97
Restarted container 8171cf557d97
a335bd364c9b
Restarted container a335bd364c9b
862b5baab6e9
Restarted container 862b5baab6e9
04a92a502bd9
Restarted container 04a92a502bd9
8dc5b8f2ef35
Restarted container 8dc5b8f2ef35
0e6d2a48fc7b
Restarted container 0e6d2a48fc7b
70e23fc5b06e
Restarted container 70e23fc5b06e
d4780861fef0
Restarted container d4780861fef0
fb3888b6074a
Restarted container fb3888b6074a
25289ba35926
Restarted container 25289ba35926
53b41c989f0f
Restarted container 53b41c989f0f
f819a9a45542
Restarted container f819a9a45542
2dd659ba1853
Restarted container 2dd659ba1853
3a6e2c46bacd
Restarted container 3a6e2c46bacd
f713faa36e5a
Restarted container f713faa36e5a
Restarting exited containers...
8171cf557d97
Restarted container 8171cf557d97
a335bd364c9b
Restarted container a335bd364c9b
Restarting exited containers...
8171cf557d97
Restarted container 8171cf557d97
No exited containers to restart.
No exited containers to restart.
No exited containers to restart.
No exited containers to restart.
No exited containers to restart.
No exited containers to restart.
No exited containers to restart.
No exited containers to restart.
No exited containers to restart.
No exited containers to restart.
Restarting exited containers...
728dc8132d44
Restarted container 728dc8132d44
No exited containers to restart.
No exited containers to restart.
No exited containers to restart.
No exited containers to restart.
No exited containers to restart.
No exited containers to restart.
No exited containers to restart.
No exited containers to restart.
No exited containers to restart.
No exited containers to restart.
No exited containers to restart.
No exited containers to restart.
No exited containers to restart.
No exited containers to restart.
No exited containers to restart.
No exited containers to restart.
No exited containers to restart.
No exited containers to restart.
No exited containers to restart.
No exited containers to restart.
No exited containers to restart.
No exited containers to restart.
No exited containers to restart.
No exited containers to restart.
No exited containers to restart.
No exited containers to restart.
No exited containers to restart.
No exited containers to restart.
No exited containers to restart.
No exited containers to restart.
No exited containers to restart.
No exited containers to restart.
No exited containers to restart.
No exited containers to restart.
No exited containers to restart.
No exited containers to restart.
No exited containers to restart.
No exited containers to restart.
No exited containers to restart.
No exited containers to restart.
No exited containers to restart.
No exited containers to restart.
No exited containers to restart.
No exited containers to restart.
No exited containers to restart.
No exited containers to restart.
No exited containers to restart.
No exited containers to restart.
No exited containers to restart.
No exited containers to restart.
No exited containers to restart.
No exited containers to restart.
No exited containers to restart.
No exited containers to restart.
No exited containers to restart.
No exited containers to restart.
No exited containers to restart.
No exited containers to restart.
No exited containers to restart.
No exited containers to restart.
No exited containers to restart.
No exited containers to restart.
No exited containers to restart.
No exited containers to restart.
No exited containers to restart.
No exited containers to restart.
No exited containers to restart.
No exited containers to restart.
No exited containers to restart.
No exited containers to restart.
No exited containers to restart.
No exited containers to restart.
No exited containers to restart.
No exited containers to restart.
No exited containers to restart.
No exited containers to restart.
No exited containers to restart.
No exited containers to restart.
No exited containers to restart.
No exited containers to restart.
No exited containers to restart.
No exited containers to restart.
No exited containers to restart.
No exited containers to restart.
No exited containers to restart.
No exited containers to restart.
No exited containers to restart.
No exited containers to restart.
No exited containers to restart.
No exited containers to restart.
No exited containers to restart.
No exited containers to restart.
No exited containers to restart.
No exited containers to restart.
No exited containers to restart.
No exited containers to restart.
No exited containers to restart.
No exited containers to restart.
No exited containers to restart.
No exited containers to restart.
No exited containers to restart.
No exited containers to restart.
No exited containers to restart.
No exited containers to restart.
No exited containers to restart.
No exited containers to restart.
No exited containers to restart.
No exited containers to restart.
internal error, please report: running "docker" failed: transient scope not created in 10s
No exited containers to restart.
